
History cache audit
Selected histories: 1
Cached histories: 1
Missing histories: 0
00 cached qa_start=0 qa_count=4 episodes=50 dataset/TEACh/preprocessed_histories/valid_unseen-multi/50ep-8ff5291f2e02216cc14877f3841c5033.pkl
Evaluating sample 6c24abb778c24a7c_704a-977b52faf01e6c05_d71f-01c1b8aa1820aa0b_adaf-32918ea00b69d9fe_38ff-cdf30defa61245ba_5590-2513b9a8d8ae5129_ab38-7337be5c30b1b5d1_874c-57862376ad3394a1_c9dc-32fe2fa7cc43fbc3_b8f3-0de4b62afcd06138_45f2-a966ba0c6e0d463d_ce88-25ef88cce38adfbc_1740-7504548a0dd7baf8_b148-064a69cb5d40b41f_9c2e-a690a35743c855aa_4c00-4b813e7c9bc088d0_1ce1-e4909f617bc99db4_4ab8-03379f213dfbda39_79a2-c49a96282ec09e90_5bfa-a2d31b84a569e568_fb03-88ddc0cbf1a23687_43ea-b36a8d73976068a3_6afd-c02445dd7a5b6f26_d92a-a76099fbab67c9da_4d48-c6c5c151b7b8e770_38db-60d26ec0f9c4757e_425d-9539c0004762d6a8_2eee-b2fde7ee4eb1c40f_1f95-c2ffd6a81bfe2613_f91c-81b10da74f7ac9ff_15c8-6ccc8b815fbc093a_e921-5aa3cbd322d4f163_402a-52e190f2e5f3b790_edbb-71392179ff5e728f_d7fe-4e893adaff5699af_ab4f-6f4aca312776de7b_97f3-4e88e46c6584bd85_21d2-eef61c8f3cdd8280_c537-bfb3e4eaf7ba458f_81db-af3fc77ab8313235_5b72-dbb41344c474217f_ee0e-498d06abfb7e9487_5c19-36492265af47de94_a352-9c97a83f60095487_02d9-0d1a67f82b3b5854_d74d-2f8d482d22e56fdd_410e-5c12b219bbb5bc07_6008-4aafdc038df138e8_58f0-474a8460bc35eb12_20d0-0f0664338151d4ac_5c06-0-sequence_of_task_descs
Loading weights:   0%|          | 0/199 [00:00<?, ?it/s]Loading weights: 100%|██████████| 199/199 [00:00<00:00, 9029.77it/s]
[1mMPNetModel LOAD REPORT[0m from: sentence-transformers/all-mpnet-base-v2
Key                     | Status     |  | 
------------------------+------------+--+-
embeddings.position_ids | UNEXPECTED |  | 

Notes:
- UNEXPECTED:	can be ignored when loading from different task/architecture; not ok if you expect identical arch.
[配置] 启用 FAISS 加速，索引类型: flat
[Forgetting] 解析遗忘配置...
[Forgetting] 开始记忆巩固...
[Forgetting] 收集到 4933 个事件节点
[Forgetting] 构建临时轻量图计算度中心性...
[Forgetting] 临时图度中心性: max_degree=88, 有连接的节点数=4686
[Forgetting] 计算节点 embeddings...
[Forgetting] 安全下限触发: θ₁ 从 0.500 下调到 0.234
[Forgetting] 巩固完成: 完整保留=1490 (30.2%), 去细节化=3443 (69.8%), 摘要保留=0 (0.0%), 豁免=578
[Forgetting] 统计: {'total': 4933, 'level_0_full_retain': 1490, 'level_1_detail_removed': 3443, 'level_2_summary_only': 0, 'immune_count': 578, 'effective_theta_1': 0.2339117072143465, 'effective_theta_2': 0.0935646828857386, 'retain_ratio': 0.3020474356375431, 'forgetting_ratio': 0.6979525643624569}
[GraphAug] 开始构建记忆图...
[MemoryGraph] 收集到 4933 个事件节点
[MemoryGraph] 时间相邻边: 3925
[MemoryGraph] 共享物体边: 10979
[MemoryGraph] 唯一动作数: 395, 相似动作对: 786
[MemoryGraph] 相似动作边: 1527
[MemoryGraph] 图构建完成: {'num_nodes': 4933, 'num_edges': 16431, 'edges_temporal_adjacent': 3925, 'edges_co_object': 10979, 'edges_similar_action': 1527}
[GraphAug] 记忆图构建完成
Got 0 examples


 ============================== 


eval task_list()
Updated/Defined variables after execution: {}

**SystemMessage**:
"""You are a smart humanoid robot answering user question about your past actions.
The history object contains information on what you did in the past, represented as a tree.
Use the method expand to look at details of a node.
Make sure to use collapse_all_but(idx) when you expanded irrelevant nodes, in order to keep the tree compact.
Enter Python expressions into the console to see the value and decide for the next command based on that result.
Answer concisely by calling answer("...") when you gathered enough information to answer the question.
Generate syntactically correct python console statements only, no explanations or other natural language statements.
IMPORTANT: If search() returns "No relevant records found", your next command MUST be answer("I have no record of that."). Do not search synonyms, do not expand further, and do not call vqa.
IMPORTANT: If you get "Nothing changed" twice, answer honestly that you have no record. Do NOT keep searching repeatedly. For just-before/just-after questions, first try one broader target search or inspect another relevant top-level time block before giving up.
For object yes/no questions, first use object_lookup("object name"). If it reports no matching summary, answer "No, I have no record of that." Do not call vqa unless you already have a directly relevant leaf image.
For task-list questions such as "List the tasks you performed", first use task_list(). Prefer its Recommended answer and chronological candidates instead of manually expanding the whole tree. For long histories, do not copy every task candidate verbatim unless the user explicitly asks for an exhaustive transcript.
For low-level action questions such as "what task did you perform when you toggle/open/pick up/place X", first use action_lookup("full low-level action"), for example action_lookup("open the drawer"). Do not call task_lookup first for these low-level action questions.
For task-description questions such as "describe what you did when you X", first use task_lookup("X"). Prefer its matching task candidates instead of manually expanding the whole tree. This does not apply to low-level action questions covered by action_lookup.
For exact date/time questions or "N days ago" questions asking what happened, first use date_lookup(question). Prefer its Recommended answer when it is confident instead of manually expanding by date.
For "How many days ago did you X?" or "When did you X?" questions, first use event_date_lookup(question). If it lists multiple days, include all of them in the final answer instead of only the most recent match.
For just-before or just-after questions, first use temporal_neighbor(target_task, direction="before" or "after") if a candidate is not already shown. Prefer the returned Recommended answer when it is confident. Only then inspect adjacent sibling or temporal nodes. Avoid expanding to raw leaf observations unless the summary is insufficient.
Do not call vqa for time, date, task-list, before/after, or yes/no object-existence questions when textual summaries already answer the question. Use vqa only for explicit visual appearance questions such as color, visible state, or what something looks like.
Never output bare parameters such as reasoning="..." answer="...". Always call answer("..."). You may call answer(reasoning="...", answer="...") only when a short reason is necessary.
Keep answer() short: answer under 60 words, and do not use markdown or backticks inside answer()."""

**HumanMessage**:
"""
def action_lookup(query: str, max_matches: int = 6) -> str # For low-level action questions, map raw leaf actions back to task-sized summaries
def answer(reasoning: str = None, answer: str = Ellipsis)
def ask(question: str)
def date_lookup(query: str, max_matches: int = 8) -> str # For exact date/time or N-days-ago questions, list matching history summaries directly
def event_date_lookup(query: str, max_matches: int = 12) -> str # For "how many days ago did you X" questions, find all matching event dates directly
def now() -> datetime.datetime
def object_lookup(object_name: str, max_matches: int = 8) -> str # For object yes/no questions, check whether task summaries mention the object
def task_list(max_tasks: int = 30) -> str # For task-list questions, list task-sized history summaries in chronological order
def task_lookup(query: str, max_matches: int = 8) -> str # For task-description questions, list task-sized summaries matching a query
def temporal_neighbor(target_task: str, direction: str = 'before', max_candidates: int = 6) -> str # For just-before/just-after questions, find the target task and return adjacent task candidates
def vqa(question: str, *images: PIL.Image.Image)
"""

**HumanMessage**:
"""Usage examples:
>>> history.expand()  # Shows the history tree with all child nodes expanded
>>> history.expand(date(2021, 12, 20))  # Expand the children that overlap with the given day
>>> history.expand(now() - timedelta(hours=6), now() - timedelta(hours=4))  # Expand all children that overlap with the given range (in this example "about 5 hours ago")
>>> history.expand((now() - timedelta(days=2)).date())  # Expand all children that overlap with the day before yesterday
>>> history.expand(0)  # Shows child node 0
>>> history[0].expand()  # Expands all child nodes of node 0 (node 0 must be expanded already to see them)
>>> history[5][2].expand()  # Shows child node 2 of child node 5 with all its child nodes expanded
>>> history.search("green cup") # Semantic index search. Expands the most relevant children according to similarity of the natural language query and the node's (recursively defined) index content.
>>> history[1][42].search("bicycle") # Semantic index search on some node further down the tree. Expands the children of node 1.42 most relevant to the search term
>>> history[3].collapse_all_but(1); history[3][1].expand()  # Zooms into details of child node 3.1 while collapsing all other childs of node 3
>>> vqa("What color is the ... in this image?",
...     history[2][4][-1][0].image)  # Invoke a model to answer a visual question about image(s) of some leaf (!) node(s)

# After gathering the relevant information, answer the question:
# Use a short final answer. Optionally provide a brief reasoning only when needed.
>>> answer("...")"""

**HumanMessage**:
"""User question: List the tasks you performed."""

**AIMessage**:
"""task_list()"""

**HumanMessage**:
""""Task list candidates in chronological order:\nUse these as evidence. If there are many candidates, do not copy every candidate verbatim; use the Recommended answer unless the user explicitly asks for an exhaustive transcript.\n1. 2023/07/13 10:37 - 10:40: I located and retrieved a loaf of bread from the lower cabinet and placed it on the countertop.\n2. 2023/07/13 14:04 - 14:08: In response to an instruction to microwave a potato, I first moved an egg out of the way, then retrieved a potato from the sink, cooked it in the microwave, and placed it on the countertop.\n3. 2023/07/13 14:08 - 14:11: Following a new instruction to prepare potato slices, I retrieved a knife from a garbage can to slice the cooked potato. I then emptied a bowl and placed two potato slices into it, completing the task.\n4. 2023/07/16 12:06 - 12:09: I began preparing to clean two dirty plates by clearing the sink, moving a bowl to the countertop. I then retrieved a second dirty plate from a cabinet and placed it on the countertop.\n5. 2023/07/17 08:11 - 08:17: Following the user's instruction to microwave a potato, I picked one up from a shelf. I then cleared the microwave by removing an apple and a salt shaker, placed the potato inside, cooked it, and finally placed the cooked potato on the coun...\n6. 2023/07/17 14:26 - 14:29: I started making toast by retrieving bread and a knife from the fridge, slicing the bread, and then toasting one slice as per user clarification.\n7. 2023/07/17 14:29 - 14:32: I prepared to serve the toast by getting a plate from the fridge, then finding another plate in the upper cabinets after a user prompt. I then toasted a second slice of bread, placed the finished toast on the first plate, and announced task...\n8. 2023/07/18 13:37 - 13:42: I prepared a sandwich by slicing bread, toasting two slices, and then slicing a tomato. I then assembled the sandwich by placing the toasted bread and tomato slices onto a plate, completing the user's request.\n9. 2023/07/18 17:38 - 17:48: Upon being instructed to cook five potato slices, I first searched for a knife, which I then used to slice a potato. I proceeded to cook the five slices in a pan on the stove. Finally, I moved the cooked potato slices to a plate and confirm...\n10. 2023/07/19 08:45 - 09:00: I prepared a sandwich by picking up bread, finding a knife, slicing and toasting the bread. I then cleared the sink, washed a dirty plate, and placed the toasted bread on it, completing the sandwich preparation as confirmed by the user.\n11. 2023/07/19 17:03 - 17:09: I was instructed to clean mugs and make coffee. I picked up a dirty cup and placed it in the sink, then took a filled mug, emptied it, and started the coffee machine. While the coffee brewed, I rinsed the dirty cup in the sink and emptied a...\n12. 2023/07/21 09:16 - 09:22: I prepared ingredients for a sandwich by slicing and toasting two slices of bread, and then slicing lettuce and a tomato.\n13. 2023/07/21 09:22 - 09:32: I cleaned a plate, and then began assembling the sandwich by placing toast, lettuce, and tomato on the plate. After a correction, I reorganized the ingredients and added a newly toasted slice of bread to complete the sandwich on the plate.\n14. 2023/07/21 15:56 - 16:00: I picked up the butter knife again and used it to slice lettuce and tomato, placing all the sliced items on the countertop.\n15. 2023/07/22 19:24 - 19:32: The user instructed me to prepare a salad with lettuce, tomato, and potato. I searched for ingredients, then used a knife to slice lettuce, tomato, and potato. I cooked the potato slices in a pan and assembled all ingredients on a plate, co...\n16. 2023/07/23 08:00 - 08:06: I was asked to make coffee. I first rinsed a dirty mug in the sink. Following a series of user instructions, I operated the coffee machine three times to fill the mug, correcting a mistake where I briefly placed the mug on the counter befor...\n17. 2023/07/23 19:49 - 19:54: I was asked to place the tissue boxes on the side tables. I picked up the first tissue box and placed it on one side table, then picked up the second tissue box and placed it on another side table to complete the task.\n18. 2023/07/24 15:07 - 15:11: I was instructed to clean the drinkware. I picked up a dirty cup from the counter, brought it to the sink, and placed it in the basin. I then retrieved a dirty mug from the counter and also placed it in the sink. Finally, I turned the fauce...\n19. 2023/07/24 16:12 - 16:15: I retrieved a dirty plate from a chair and prepared the sink for washing by moving a soap bottle and an egg out of the basin. I also moved a potato to the countertop before washing the plate and declaring it clean.\n20. 2023/07/25 16:32 - 16:36: I picked up a knife and then boiled a potato as instructed, placing it in a pot on the stove and turning it on. After cooking, I placed the pot back on the stove and asked the user if they wanted another potato boiled.\n21. 2023/07/25 18:42 - 18:49: Following the instruction to cook a potato, I retrieved it from a bookshelf, cooked it on the stove, and sliced it. Afterwards, I got a plate from the fridge and placed the potato slices on it.\n22. 2023/07/26 18:10 - 18:14: I retrieved a tomato from the fridge/cabinet, sliced it, and placed a slice on a plate as instructed by the user.\n23. 2023/07/29 14:40 - 14:44: I received an instruction to boil a potato. I retrieved a pot from the fridge, emptied it, and then got the potato from the microwave, placing it inside the pot. I also cleared some items from the countertop to make space.\n24. 2023/07/29 14:44 - 14:47: I filled the pot with water at the sink, moved it to the countertop, and cleared other items like a dirty pot and a dirty pan from the stove. After briefly adjusting the water level, I placed the pot on the stove burner to boil the potato a...\n25. 2023/07/29 16:06 - 16:09: Following the user's instructions, I retrieved a knife from a shelf, took lettuce out of the fridge, and sliced it on the countertop.\n26. 2023/07/30 11:05 - 11:09: I prepared for the task by retrieving a potato and a knife, slicing the potato, and placing three slices onto a plate.\n27. 2023/07/30 11:09 - 11:15: Since the microwave was occupied, I cleaned a pan and used the stove to cook the three potato slices before placing them back on the plate to complete the task.\n28. 2023/08/01 18:56 - 19:01: I was asked to slice and cook a potato. I mistakenly picked up a tomato, but then used a knife to slice both the tomato and a potato. I cooked one potato slice in a pan on the stove. Finally, I assembled the dish by placing the cooked potat...\n29. 2023/08/02 10:38 - 10:49: The user asked me to slice some lettuce and place it on a clean plate. I retrieved a knife, sliced the lettuce inside the fridge, washed a dirty plate, and then placed a lettuce slice onto the clean plate to complete the request.\n30. 2023/08/02 10:58 - 11:12: I completed two consecutive tasks: first, I prepared two cups of coffee by washing the mugs and using the coffee machine, and then I sliced an apple and placed the slices into two bowls.\nRecommended answer: From 2023/07/13 to 2023/08/02, I performed 30 recorded task groups, including bread, toast, and sandwich preparation; potato cooking and slicing; salad, lettuce, and tomato preparation; coffee and drinkware tasks; dish, plate, bowl, and pan cleaning; household organization tasks; plant watering.""""

**HumanMessage**:
"""Current state:
2023/07/13 - 2023/08/04: "From July 13th to August 4th, I consistently performed a variety of daily kitchen and household tasks, including preparing diverse meals like toast, sandwiches, cooked potatoes, salads, and coffee, along with routine activities such as watering houseplants, cleaning dishes, and organizing various items including credit cards, remotes, tissue boxes, pencils, newspapers, and watches."  
  ..."""
{}
command: answer("From 2023/07/13 to 2023/08/02, I performed 30 recorded task groups, including bread, toast, and sandwich preparation; potato cooking and slicing; salad, lettuce, and tomato preparation; coffee and drinkware tasks; dish, plate, bowl, and pan cleaning; household organization tasks; plant watering.")
expected output: 


 ============================== 


eval answer("From 2023/07/13 to 2023/08/02, I performed 30 recorded task groups, including bread, toast, and sandwich preparation; potato cooking and slicing; salad, lettuce, and tomato preparation; coffee and drinkware tasks; dish, plate, bowl, and pan cleaning; household organization tasks; plant watering.")
Answering From 2023/07/13 to 2023/08/02, I performed 30 recorded task groups, including bread, toast, and sandwich preparation; potato cooking and slicing; salad, lettuce, and tomato preparation; coffee and drinkware tasks; dish, plate, bowl, and pan cleaning; household organization tasks; plant watering.  with reason: None
Tokens Used: 4154
	Prompt Tokens: 3847
	Completion Tokens: 307
Successful Requests: 1
Total Cost (USD): $0.0
Evaluating sample 6c24abb778c24a7c_704a-977b52faf01e6c05_d71f-01c1b8aa1820aa0b_adaf-32918ea00b69d9fe_38ff-cdf30defa61245ba_5590-2513b9a8d8ae5129_ab38-7337be5c30b1b5d1_874c-57862376ad3394a1_c9dc-32fe2fa7cc43fbc3_b8f3-0de4b62afcd06138_45f2-a966ba0c6e0d463d_ce88-25ef88cce38adfbc_1740-7504548a0dd7baf8_b148-064a69cb5d40b41f_9c2e-a690a35743c855aa_4c00-4b813e7c9bc088d0_1ce1-e4909f617bc99db4_4ab8-03379f213dfbda39_79a2-c49a96282ec09e90_5bfa-a2d31b84a569e568_fb03-88ddc0cbf1a23687_43ea-b36a8d73976068a3_6afd-c02445dd7a5b6f26_d92a-a76099fbab67c9da_4d48-c6c5c151b7b8e770_38db-60d26ec0f9c4757e_425d-9539c0004762d6a8_2eee-b2fde7ee4eb1c40f_1f95-c2ffd6a81bfe2613_f91c-81b10da74f7ac9ff_15c8-6ccc8b815fbc093a_e921-5aa3cbd322d4f163_402a-52e190f2e5f3b790_edbb-71392179ff5e728f_d7fe-4e893adaff5699af_ab4f-6f4aca312776de7b_97f3-4e88e46c6584bd85_21d2-eef61c8f3cdd8280_c537-bfb3e4eaf7ba458f_81db-af3fc77ab8313235_5b72-dbb41344c474217f_ee0e-498d06abfb7e9487_5c19-36492265af47de94_a352-9c97a83f60095487_02d9-0d1a67f82b3b5854_d74d-2f8d482d22e56fdd_410e-5c12b219bbb5bc07_6008-4aafdc038df138e8_58f0-474a8460bc35eb12_20d0-0f0664338151d4ac_5c06-0-seq_specific_shortened_low_actions
[配置] 启用 FAISS 加速，索引类型: flat
[Forgetting] 命中缓存
[GraphAug] 命中图缓存 (nodes=4933, edges=16431)
Got 0 examples


 ============================== 


eval task_lookup('clean all the pans')
Updated/Defined variables after execution: {}

**SystemMessage**:
"""You are a smart humanoid robot answering user question about your past actions.
The history object contains information on what you did in the past, represented as a tree.
Use the method expand to look at details of a node.
Make sure to use collapse_all_but(idx) when you expanded irrelevant nodes, in order to keep the tree compact.
Enter Python expressions into the console to see the value and decide for the next command based on that result.
Answer concisely by calling answer("...") when you gathered enough information to answer the question.
Generate syntactically correct python console statements only, no explanations or other natural language statements.
IMPORTANT: If search() returns "No relevant records found", your next command MUST be answer("I have no record of that."). Do not search synonyms, do not expand further, and do not call vqa.
IMPORTANT: If you get "Nothing changed" twice, answer honestly that you have no record. Do NOT keep searching repeatedly. For just-before/just-after questions, first try one broader target search or inspect another relevant top-level time block before giving up.
For object yes/no questions, first use object_lookup("object name"). If it reports no matching summary, answer "No, I have no record of that." Do not call vqa unless you already have a directly relevant leaf image.
For task-list questions such as "List the tasks you performed", first use task_list(). Prefer its Recommended answer and chronological candidates instead of manually expanding the whole tree. For long histories, do not copy every task candidate verbatim unless the user explicitly asks for an exhaustive transcript.
For low-level action questions such as "what task did you perform when you toggle/open/pick up/place X", first use action_lookup("full low-level action"), for example action_lookup("open the drawer"). Do not call task_lookup first for these low-level action questions.
For task-description questions such as "describe what you did when you X", first use task_lookup("X"). Prefer its matching task candidates instead of manually expanding the whole tree. This does not apply to low-level action questions covered by action_lookup.
For exact date/time questions or "N days ago" questions asking what happened, first use date_lookup(question). Prefer its Recommended answer when it is confident instead of manually expanding by date.
For "How many days ago did you X?" or "When did you X?" questions, first use event_date_lookup(question). If it lists multiple days, include all of them in the final answer instead of only the most recent match.
For just-before or just-after questions, first use temporal_neighbor(target_task, direction="before" or "after") if a candidate is not already shown. Prefer the returned Recommended answer when it is confident. Only then inspect adjacent sibling or temporal nodes. Avoid expanding to raw leaf observations unless the summary is insufficient.
Do not call vqa for time, date, task-list, before/after, or yes/no object-existence questions when textual summaries already answer the question. Use vqa only for explicit visual appearance questions such as color, visible state, or what something looks like.
Never output bare parameters such as reasoning="..." answer="...". Always call answer("..."). You may call answer(reasoning="...", answer="...") only when a short reason is necessary.
Keep answer() short: answer under 60 words, and do not use markdown or backticks inside answer()."""

**HumanMessage**:
"""
def action_lookup(query: str, max_matches: int = 6) -> str # For low-level action questions, map raw leaf actions back to task-sized summaries
def answer(reasoning: str = None, answer: str = Ellipsis)
def ask(question: str)
def date_lookup(query: str, max_matches: int = 8) -> str # For exact date/time or N-days-ago questions, list matching history summaries directly
def event_date_lookup(query: str, max_matches: int = 12) -> str # For "how many days ago did you X" questions, find all matching event dates directly
def now() -> datetime.datetime
def object_lookup(object_name: str, max_matches: int = 8) -> str # For object yes/no questions, check whether task summaries mention the object
def task_list(max_tasks: int = 30) -> str # For task-list questions, list task-sized history summaries in chronological order
def task_lookup(query: str, max_matches: int = 8) -> str # For task-description questions, list task-sized summaries matching a query
def temporal_neighbor(target_task: str, direction: str = 'before', max_candidates: int = 6) -> str # For just-before/just-after questions, find the target task and return adjacent task candidates
def vqa(question: str, *images: PIL.Image.Image)
"""

**HumanMessage**:
"""Usage examples:
>>> history.expand()  # Shows the history tree with all child nodes expanded
>>> history.expand(date(2021, 12, 20))  # Expand the children that overlap with the given day
>>> history.expand(now() - timedelta(hours=6), now() - timedelta(hours=4))  # Expand all children that overlap with the given range (in this example "about 5 hours ago")
>>> history.expand((now() - timedelta(days=2)).date())  # Expand all children that overlap with the day before yesterday
>>> history.expand(0)  # Shows child node 0
>>> history[0].expand()  # Expands all child nodes of node 0 (node 0 must be expanded already to see them)
>>> history[5][2].expand()  # Shows child node 2 of child node 5 with all its child nodes expanded
>>> history.search("green cup") # Semantic index search. Expands the most relevant children according to similarity of the natural language query and the node's (recursively defined) index content.
>>> history[1][42].search("bicycle") # Semantic index search on some node further down the tree. Expands the children of node 1.42 most relevant to the search term
>>> history[3].collapse_all_but(1); history[3][1].expand()  # Zooms into details of child node 3.1 while collapsing all other childs of node 3
>>> vqa("What color is the ... in this image?",
...     history[2][4][-1][0].image)  # Invoke a model to answer a visual question about image(s) of some leaf (!) node(s)

# After gathering the relevant information, answer the question:
# Use a short final answer. Optionally provide a brief reasoning only when needed.
>>> answer("...")"""

**HumanMessage**:
"""User question: describe what you did when you clean all the pans."""

**AIMessage**:
"""task_lookup('clean all the pans')"""

**HumanMessage**:
""""Task lookup candidates for query='clean all the pans':\n1. score=0.81; 2023/07/30 11:09 - 11:15: Since the microwave was occupied, I cleaned a pan and used the stove to cook the three potato slices before placing them back on the plate to complete the task.\n2. score=0.80; 2023/07/16 12:06 - 13:12: On July 16th, I cleaned two dirty plates and a dirty pan, clearing the sink basin as needed for both tasks.\n3. score=0.79; 2023/07/30 11:14:24 - 11:15:09: Finally, I moved the three cooked potato slices from the pan to the plate as instructed and confirmed the task was complete.\n4. score=0.74; 2023/07/16 13:10:02 - 13:12:13: I cleaned a dirty pan from the stove. To do this, I temporarily placed it on the countertop while I cleared the obstructed sink by moving several items out of the basin. Then, I placed the pan in the sink, rinsed it by turning the faucet on...\n5. score=0.70; 2023/07/22 19:24 - 19:32: The user instructed me to prepare a salad with lettuce, tomato, and potato. I searched for ingredients, then used a knife to slice lettuce, tomato, and potato. I cooked the potato slices in a pan and assembled all ingredients on a plate, co...\n6. score=0.70; 2023/07/30 11:05 - 11:15: I sliced a potato into three pieces and placed them on a plate. Since the microwave was occupied, I cleaned a pan and used the stove to cook the slices. I then placed the cooked slices back onto the plate to complete the task.\n7. score=0.66; 2023/07/13 10:37 - 15:58: On July 13th, I prepared a slice of toast and a cooked potato with slices, cleaning a plate and a dirty plate as part of these tasks.\n8. score=0.65; 2023/07/19 08:59:24 - 09:00:16: I picked up the two toasted bread slices and placed them onto the clean plate.\nRecommended answer: Since the microwave was occupied, I cleaned a pan and used the stove to cook the three potato slices before placing...; I cleaned two dirty plates and a dirty pan, clearing the sink basin as needed for both tasks.; Finally, I moved the three cooked potato slices from the pan to the plate as instructed and confirmed the task was...""""

**HumanMessage**:
"""Current state:
2023/07/13 - 2023/08/04: "From July 13th to August 4th, I consistently performed a variety of daily kitchen and household tasks, including preparing diverse meals like toast, sandwiches, cooked potatoes, salads, and coffee, along with routine activities such as watering houseplants, cleaning dishes, and organizing various items including credit cards, remotes, tissue boxes, pencils, newspapers, and watches."  
  ..."""
{}
command: answer("I have no record of cleaning all the pans at once. However, I have cleaned a dirty pan on several occasions. For example, on July 16th, I cleaned two dirty plates and a dirty pan. On another occasion, I cleaned a pan to cook potato slices on the stove because the microwave was in use.")
expected output: 


 ============================== 


eval answer("I have no record of cleaning all the pans at once. However, I have cleaned a dirty pan on several occasions. For example, on July 16th, I cleaned two dirty plates and a dirty pan. On another occasion, I cleaned a pan to cook potato slices on the stove because the microwave was in use.")
Answering I have no record of cleaning all the pans at once. However, I have cleaned a dirty pan on several occasions. For example, on July 16th, I cleaned two dirty plates and a dirty pan. On another occasion, I cleaned a pan to cook potato slices on the stove because the microwave was in use.  with reason: None
Tokens Used: 2820
	Prompt Tokens: 2282
	Completion Tokens: 538
Successful Requests: 1
Total Cost (USD): $0.0
Evaluating sample 6c24abb778c24a7c_704a-977b52faf01e6c05_d71f-01c1b8aa1820aa0b_adaf-32918ea00b69d9fe_38ff-cdf30defa61245ba_5590-2513b9a8d8ae5129_ab38-7337be5c30b1b5d1_874c-57862376ad3394a1_c9dc-32fe2fa7cc43fbc3_b8f3-0de4b62afcd06138_45f2-a966ba0c6e0d463d_ce88-25ef88cce38adfbc_1740-7504548a0dd7baf8_b148-064a69cb5d40b41f_9c2e-a690a35743c855aa_4c00-4b813e7c9bc088d0_1ce1-e4909f617bc99db4_4ab8-03379f213dfbda39_79a2-c49a96282ec09e90_5bfa-a2d31b84a569e568_fb03-88ddc0cbf1a23687_43ea-b36a8d73976068a3_6afd-c02445dd7a5b6f26_d92a-a76099fbab67c9da_4d48-c6c5c151b7b8e770_38db-60d26ec0f9c4757e_425d-9539c0004762d6a8_2eee-b2fde7ee4eb1c40f_1f95-c2ffd6a81bfe2613_f91c-81b10da74f7ac9ff_15c8-6ccc8b815fbc093a_e921-5aa3cbd322d4f163_402a-52e190f2e5f3b790_edbb-71392179ff5e728f_d7fe-4e893adaff5699af_ab4f-6f4aca312776de7b_97f3-4e88e46c6584bd85_21d2-eef61c8f3cdd8280_c537-bfb3e4eaf7ba458f_81db-af3fc77ab8313235_5b72-dbb41344c474217f_ee0e-498d06abfb7e9487_5c19-36492265af47de94_a352-9c97a83f60095487_02d9-0d1a67f82b3b5854_d74d-2f8d482d22e56fdd_410e-5c12b219bbb5bc07_6008-4aafdc038df138e8_58f0-474a8460bc35eb12_20d0-0f0664338151d4ac_5c06-0-seq_right_after_questions
[配置] 启用 FAISS 加速，索引类型: flat
[Forgetting] 命中缓存
[GraphAug] 命中图缓存 (nodes=4933, edges=16431)
Got 0 examples


 ============================== 


eval temporal_neighbor('put all book on any bed', direction='after')
Updated/Defined variables after execution: {}

**SystemMessage**:
"""You are a smart humanoid robot answering user question about your past actions.
The history object contains information on what you did in the past, represented as a tree.
Use the method expand to look at details of a node.
Make sure to use collapse_all_but(idx) when you expanded irrelevant nodes, in order to keep the tree compact.
Enter Python expressions into the console to see the value and decide for the next command based on that result.
Answer concisely by calling answer("...") when you gathered enough information to answer the question.
Generate syntactically correct python console statements only, no explanations or other natural language statements.
IMPORTANT: If search() returns "No relevant records found", your next command MUST be answer("I have no record of that."). Do not search synonyms, do not expand further, and do not call vqa.
IMPORTANT: If you get "Nothing changed" twice, answer honestly that you have no record. Do NOT keep searching repeatedly. For just-before/just-after questions, first try one broader target search or inspect another relevant top-level time block before giving up.
For object yes/no questions, first use object_lookup("object name"). If it reports no matching summary, answer "No, I have no record of that." Do not call vqa unless you already have a directly relevant leaf image.
For task-list questions such as "List the tasks you performed", first use task_list(). Prefer its Recommended answer and chronological candidates instead of manually expanding the whole tree. For long histories, do not copy every task candidate verbatim unless the user explicitly asks for an exhaustive transcript.
For low-level action questions such as "what task did you perform when you toggle/open/pick up/place X", first use action_lookup("full low-level action"), for example action_lookup("open the drawer"). Do not call task_lookup first for these low-level action questions.
For task-description questions such as "describe what you did when you X", first use task_lookup("X"). Prefer its matching task candidates instead of manually expanding the whole tree. This does not apply to low-level action questions covered by action_lookup.
For exact date/time questions or "N days ago" questions asking what happened, first use date_lookup(question). Prefer its Recommended answer when it is confident instead of manually expanding by date.
For "How many days ago did you X?" or "When did you X?" questions, first use event_date_lookup(question). If it lists multiple days, include all of them in the final answer instead of only the most recent match.
For just-before or just-after questions, first use temporal_neighbor(target_task, direction="before" or "after") if a candidate is not already shown. Prefer the returned Recommended answer when it is confident. Only then inspect adjacent sibling or temporal nodes. Avoid expanding to raw leaf observations unless the summary is insufficient.
Do not call vqa for time, date, task-list, before/after, or yes/no object-existence questions when textual summaries already answer the question. Use vqa only for explicit visual appearance questions such as color, visible state, or what something looks like.
Never output bare parameters such as reasoning="..." answer="...". Always call answer("..."). You may call answer(reasoning="...", answer="...") only when a short reason is necessary.
Keep answer() short: answer under 60 words, and do not use markdown or backticks inside answer()."""

**HumanMessage**:
"""
def action_lookup(query: str, max_matches: int = 6) -> str # For low-level action questions, map raw leaf actions back to task-sized summaries
def answer(reasoning: str = None, answer: str = Ellipsis)
def ask(question: str)
def date_lookup(query: str, max_matches: int = 8) -> str # For exact date/time or N-days-ago questions, list matching history summaries directly
def event_date_lookup(query: str, max_matches: int = 12) -> str # For "how many days ago did you X" questions, find all matching event dates directly
def now() -> datetime.datetime
def object_lookup(object_name: str, max_matches: int = 8) -> str # For object yes/no questions, check whether task summaries mention the object
def task_list(max_tasks: int = 30) -> str # For task-list questions, list task-sized history summaries in chronological order
def task_lookup(query: str, max_matches: int = 8) -> str # For task-description questions, list task-sized summaries matching a query
def temporal_neighbor(target_task: str, direction: str = 'before', max_candidates: int = 6) -> str # For just-before/just-after questions, find the target task and return adjacent task candidates
def vqa(question: str, *images: PIL.Image.Image)
"""

**HumanMessage**:
"""Usage examples:
>>> history.expand()  # Shows the history tree with all child nodes expanded
>>> history.expand(date(2021, 12, 20))  # Expand the children that overlap with the given day
>>> history.expand(now() - timedelta(hours=6), now() - timedelta(hours=4))  # Expand all children that overlap with the given range (in this example "about 5 hours ago")
>>> history.expand((now() - timedelta(days=2)).date())  # Expand all children that overlap with the day before yesterday
>>> history.expand(0)  # Shows child node 0
>>> history[0].expand()  # Expands all child nodes of node 0 (node 0 must be expanded already to see them)
>>> history[5][2].expand()  # Shows child node 2 of child node 5 with all its child nodes expanded
>>> history.search("green cup") # Semantic index search. Expands the most relevant children according to similarity of the natural language query and the node's (recursively defined) index content.
>>> history[1][42].search("bicycle") # Semantic index search on some node further down the tree. Expands the children of node 1.42 most relevant to the search term
>>> history[3].collapse_all_but(1); history[3][1].expand()  # Zooms into details of child node 3.1 while collapsing all other childs of node 3
>>> vqa("What color is the ... in this image?",
...     history[2][4][-1][0].image)  # Invoke a model to answer a visual question about image(s) of some leaf (!) node(s)

# After gathering the relevant information, answer the question:
# Use a short final answer. Optionally provide a brief reasoning only when needed.
>>> answer("...")"""

**HumanMessage**:
"""User question: What task did you do just after put all book on any bed?"""

**AIMessage**:
"""temporal_neighbor('put all book on any bed', direction='after')"""

**HumanMessage**:
""""Temporal neighbor candidates for target='put all book on any bed', direction='after':\n1. score=0.71; target=2023/07/28 12:26:43 - 12:27:56: I placed a book on the bed as instructed and received confirmation from the user that the task was complete.; after=2023/07/29 14:40 - 14:44: I received an instruction to boil a potato. I retrieved a pot from the fridge, emptied it, and then got the potato from the microwave, placing it inside the pot. I also cleared som...\n2. score=0.64; target=2023/07/28 12:26:43 - 12:27:45: I was instructed to put the book on the bed, so I picked it up from the desk and placed it on the bed.; after=2023/07/29 14:40 - 14:44: I received an instruction to boil a potato. I retrieved a pot from the fridge, emptied it, and then got the potato from the microwave, placing it inside the pot. I also cleared som...\n3. score=0.50; target=2023/07/28 12:26:43 - 12:27:56: On July 28th, I placed a book on the bed.; after=2023/07/29 14:40 - 17:22: On July 29th, I boiled a potato, prepared a salad with lettuce and tomato, and gathered three pencils onto the bed.\nRecommended answer: I received an instruction to boil a potato. I retrieved a pot from the fridge, emptied it, and then got the potato from the microwave, placing it inside the pot. I also cleared som...""""

**HumanMessage**:
"""Current state:
2023/07/13 - 2023/08/04: "From July 13th to August 4th, I consistently performed a variety of daily kitchen and household tasks, including preparing diverse meals like toast, sandwiches, cooked potatoes, salads, and coffee, along with routine activities such as watering houseplants, cleaning dishes, and organizing various items including credit cards, remotes, tissue boxes, pencils, newspapers, and watches."  
  ..."""
{}
command: answer("I received an instruction to boil a potato. I retrieved a pot from the fridge, emptied it, and then got the potato from the microwave, placing it inside the pot. I also cleared some items.")
expected output: 


 ============================== 


eval answer("I received an instruction to boil a potato. I retrieved a pot from the fridge, emptied it, and then got the potato from the microwave, placing it inside the pot. I also cleared some items.")
Answering I received an instruction to boil a potato. I retrieved a pot from the fridge, emptied it, and then got the potato from the microwave, placing it inside the pot. I also cleared some items.  with reason: None
Tokens Used: 2364
	Prompt Tokens: 2061
	Completion Tokens: 303
Successful Requests: 1
Total Cost (USD): $0.0
Evaluating sample 6c24abb778c24a7c_704a-977b52faf01e6c05_d71f-01c1b8aa1820aa0b_adaf-32918ea00b69d9fe_38ff-cdf30defa61245ba_5590-2513b9a8d8ae5129_ab38-7337be5c30b1b5d1_874c-57862376ad3394a1_c9dc-32fe2fa7cc43fbc3_b8f3-0de4b62afcd06138_45f2-a966ba0c6e0d463d_ce88-25ef88cce38adfbc_1740-7504548a0dd7baf8_b148-064a69cb5d40b41f_9c2e-a690a35743c855aa_4c00-4b813e7c9bc088d0_1ce1-e4909f617bc99db4_4ab8-03379f213dfbda39_79a2-c49a96282ec09e90_5bfa-a2d31b84a569e568_fb03-88ddc0cbf1a23687_43ea-b36a8d73976068a3_6afd-c02445dd7a5b6f26_d92a-a76099fbab67c9da_4d48-c6c5c151b7b8e770_38db-60d26ec0f9c4757e_425d-9539c0004762d6a8_2eee-b2fde7ee4eb1c40f_1f95-c2ffd6a81bfe2613_f91c-81b10da74f7ac9ff_15c8-6ccc8b815fbc093a_e921-5aa3cbd322d4f163_402a-52e190f2e5f3b790_edbb-71392179ff5e728f_d7fe-4e893adaff5699af_ab4f-6f4aca312776de7b_97f3-4e88e46c6584bd85_21d2-eef61c8f3cdd8280_c537-bfb3e4eaf7ba458f_81db-af3fc77ab8313235_5b72-dbb41344c474217f_ee0e-498d06abfb7e9487_5c19-36492265af47de94_a352-9c97a83f60095487_02d9-0d1a67f82b3b5854_d74d-2f8d482d22e56fdd_410e-5c12b219bbb5bc07_6008-4aafdc038df138e8_58f0-474a8460bc35eb12_20d0-0f0664338151d4ac_5c06-0-seq_right_before_questions
[配置] 启用 FAISS 加速，索引类型: flat
[Forgetting] 命中缓存
[GraphAug] 命中图缓存 (nodes=4933, edges=16431)
Got 0 examples


 ============================== 


eval temporal_neighbor('put all newspaper on one armchair', direction='before')
Updated/Defined variables after execution: {}

**SystemMessage**:
"""You are a smart humanoid robot answering user question about your past actions.
The history object contains information on what you did in the past, represented as a tree.
Use the method expand to look at details of a node.
Make sure to use collapse_all_but(idx) when you expanded irrelevant nodes, in order to keep the tree compact.
Enter Python expressions into the console to see the value and decide for the next command based on that result.
Answer concisely by calling answer("...") when you gathered enough information to answer the question.
Generate syntactically correct python console statements only, no explanations or other natural language statements.
IMPORTANT: If search() returns "No relevant records found", your next command MUST be answer("I have no record of that."). Do not search synonyms, do not expand further, and do not call vqa.
IMPORTANT: If you get "Nothing changed" twice, answer honestly that you have no record. Do NOT keep searching repeatedly. For just-before/just-after questions, first try one broader target search or inspect another relevant top-level time block before giving up.
For object yes/no questions, first use object_lookup("object name"). If it reports no matching summary, answer "No, I have no record of that." Do not call vqa unless you already have a directly relevant leaf image.
For task-list questions such as "List the tasks you performed", first use task_list(). Prefer its Recommended answer and chronological candidates instead of manually expanding the whole tree. For long histories, do not copy every task candidate verbatim unless the user explicitly asks for an exhaustive transcript.
For low-level action questions such as "what task did you perform when you toggle/open/pick up/place X", first use action_lookup("full low-level action"), for example action_lookup("open the drawer"). Do not call task_lookup first for these low-level action questions.
For task-description questions such as "describe what you did when you X", first use task_lookup("X"). Prefer its matching task candidates instead of manually expanding the whole tree. This does not apply to low-level action questions covered by action_lookup.
For exact date/time questions or "N days ago" questions asking what happened, first use date_lookup(question). Prefer its Recommended answer when it is confident instead of manually expanding by date.
For "How many days ago did you X?" or "When did you X?" questions, first use event_date_lookup(question). If it lists multiple days, include all of them in the final answer instead of only the most recent match.
For just-before or just-after questions, first use temporal_neighbor(target_task, direction="before" or "after") if a candidate is not already shown. Prefer the returned Recommended answer when it is confident. Only then inspect adjacent sibling or temporal nodes. Avoid expanding to raw leaf observations unless the summary is insufficient.
Do not call vqa for time, date, task-list, before/after, or yes/no object-existence questions when textual summaries already answer the question. Use vqa only for explicit visual appearance questions such as color, visible state, or what something looks like.
Never output bare parameters such as reasoning="..." answer="...". Always call answer("..."). You may call answer(reasoning="...", answer="...") only when a short reason is necessary.
Keep answer() short: answer under 60 words, and do not use markdown or backticks inside answer()."""

**HumanMessage**:
"""
def action_lookup(query: str, max_matches: int = 6) -> str # For low-level action questions, map raw leaf actions back to task-sized summaries
def answer(reasoning: str = None, answer: str = Ellipsis)
def ask(question: str)
def date_lookup(query: str, max_matches: int = 8) -> str # For exact date/time or N-days-ago questions, list matching history summaries directly
def event_date_lookup(query: str, max_matches: int = 12) -> str # For "how many days ago did you X" questions, find all matching event dates directly
def now() -> datetime.datetime
def object_lookup(object_name: str, max_matches: int = 8) -> str # For object yes/no questions, check whether task summaries mention the object
def task_list(max_tasks: int = 30) -> str # For task-list questions, list task-sized history summaries in chronological order
def task_lookup(query: str, max_matches: int = 8) -> str # For task-description questions, list task-sized summaries matching a query
def temporal_neighbor(target_task: str, direction: str = 'before', max_candidates: int = 6) -> str # For just-before/just-after questions, find the target task and return adjacent task candidates
def vqa(question: str, *images: PIL.Image.Image)
"""

**HumanMessage**:
"""Usage examples:
>>> history.expand()  # Shows the history tree with all child nodes expanded
>>> history.expand(date(2021, 12, 20))  # Expand the children that overlap with the given day
>>> history.expand(now() - timedelta(hours=6), now() - timedelta(hours=4))  # Expand all children that overlap with the given range (in this example "about 5 hours ago")
>>> history.expand((now() - timedelta(days=2)).date())  # Expand all children that overlap with the day before yesterday
>>> history.expand(0)  # Shows child node 0
>>> history[0].expand()  # Expands all child nodes of node 0 (node 0 must be expanded already to see them)
>>> history[5][2].expand()  # Shows child node 2 of child node 5 with all its child nodes expanded
>>> history.search("green cup") # Semantic index search. Expands the most relevant children according to similarity of the natural language query and the node's (recursively defined) index content.
>>> history[1][42].search("bicycle") # Semantic index search on some node further down the tree. Expands the children of node 1.42 most relevant to the search term
>>> history[3].collapse_all_but(1); history[3][1].expand()  # Zooms into details of child node 3.1 while collapsing all other childs of node 3
>>> vqa("What color is the ... in this image?",
...     history[2][4][-1][0].image)  # Invoke a model to answer a visual question about image(s) of some leaf (!) node(s)

# After gathering the relevant information, answer the question:
# Use a short final answer. Optionally provide a brief reasoning only when needed.
>>> answer("...")"""

**HumanMessage**:
"""User question: What task did you do just before put all newspaper on one armchair?"""

**AIMessage**:
"""temporal_neighbor('put all newspaper on one armchair', direction='before')"""

**HumanMessage**:
""""Temporal neighbor candidates for target='put all newspaper on one armchair', direction='before':\n1. score=0.83; target=2023/07/31 11:39:16 - 11:41:13: I started by picking up a newspaper from the dresser and placing it on an armchair, following the instruction to gather all newspapers on one armchair.; before=2023/07/31 08:25:31 - 08:27:46: Upon receiving the user's request to serve two slices of tomato, I first picked up a tomato and a plate and placed them on the countertop. Afterwards, I grabbed a knife and sliced...\n2. score=0.67; target=2023/07/31 11:39 - 11:45: As instructed, I began gathering newspapers onto an armchair. I moved one newspaper from the dresser to the armchair, and to clear space, I relocated a cellphone from the armchair...; before=2023/07/31 08:25:31 - 08:27:46: Upon receiving the user's request to serve two slices of tomato, I first picked up a tomato and a plate and placed them on the countertop. Afterwards, I grabbed a knife and sliced...\n3. score=0.62; target=2023/07/31 08:25 - 18:43: On July 31st, I served two slices of tomato, gathered newspapers onto an armchair, and prepared a dish with sliced lettuce, tomato, and a cooked potato.; before=2023/07/30 10:01 - 13:33: On July 30th, I made coffee, sliced and cooked potato pieces on the stove, and prepared sliced tomato in a bowl.\n4. score=0.62; target=2023/07/31 11:41:26 - 11:43:11: I then searched for another newspaper by opening and closing various drawers and cabinets (Drawer_4, Drawer_2, Cabinet_2). Upon finding a second newspaper, I picked it up and place...; before=2023/07/31 11:39:16 - 11:41:13: I started by picking up a newspaper from the dresser and placing it on an armchair, following the instruction to gather all newspapers on one armchair.\nRecommended answer: Upon receiving the user's request to serve two slices of tomato, I first picked up a tomato and a plate and placed them on the countertop. Afterwards, I grabbed a knife and sliced...""""

**HumanMessage**:
"""Current state:
2023/07/13 - 2023/08/04: "From July 13th to August 4th, I consistently performed a variety of daily kitchen and household tasks, including preparing diverse meals like toast, sandwiches, cooked potatoes, salads, and coffee, along with routine activities such as watering houseplants, cleaning dishes, and organizing various items including credit cards, remotes, tissue boxes, pencils, newspapers, and watches."  
  ..."""
{}
command: answer("Upon receiving the user's request to serve two slices of tomato, I first picked up a tomato and a plate and placed them on the countertop. Afterwards, I grabbed a knife and sliced the tomato.")
expected output: 


 ============================== 


eval answer("Upon receiving the user's request to serve two slices of tomato, I first picked up a tomato and a plate and placed them on the countertop. Afterwards, I grabbed a knife and sliced the tomato.")
Answering Upon receiving the user's request to serve two slices of tomato, I first picked up a tomato and a plate and placed them on the countertop. Afterwards, I grabbed a knife and sliced the tomato.  with reason: None
Tokens Used: 2979
	Prompt Tokens: 2238
	Completion Tokens: 741
Successful Requests: 1
Total Cost (USD): $0.0
