BLEU
{'BLEU': 1.9741469102052427,
 'BLEU.bp': 0.7677230078525205,
 'BLEU.hyp_len': 1937.0,
 'BLEU.ratio': 0.7909350755410371,
 'BLEU.ref_len': 2449.0}

ROUGE
{'rouge1': {'f': 0.2024171715395629,
            'p': 0.22435645575933258,
            'r': 0.3274470846302345},
 'rouge2': {'f': 0.06689676087142135,
            'p': 0.09647676916564141,
            'r': 0.07990924633390595},
 'rougeL': {'f': 0.1805131857879321,
            'p': 0.20241665183191804,
            'r': 0.29680669815149846}}

METEOR: 0.20837612411876122 

Total: 50
Exact matches: 2
Plain Accuracy: 4.00%

Reading auto-eval from experiments/results/teach/metrics/phase4_baseline_50_merged.gemini_2.5_pro-6a4157.auto_eval.json

Fine Categories:
                  correct :   6 ( 12.0%)
       correct_summarized :   4 (  8.0%)
              correct_tmi :  11 ( 22.0%)
                no_answer :  15 ( 30.0%)
partially_correct_missing :   5 ( 10.0%)
    partially_correct_tmi :   5 ( 10.0%)
                    wrong :   4 (  8.0%)

Broad Categories:
          correct :  21 ( 42.0%)
partially_correct :  10 ( 20.0%)
            wrong :  19 ( 38.0%)
Token cost per sample:  14543.9

LaTeX table entry:
B & R & $S_c$ & $S_p$ & T 
2.0 & 18.1 &  42 &  20 & 14.5
