Warning: You are sending unauthenticated requests to the HF Hub. Please set a HF_TOKEN to enable higher rate limits and faster downloads.

History cache audit
Selected histories: 4
Cached histories: 4
Missing histories: 0
00 cached qa_start=0 qa_count=1 episodes=50 dataset/TEACh/preprocessed_histories/valid_unseen-multi/50ep-8ff5291f2e02216cc14877f3841c5033.pkl
01 cached qa_start=1 qa_count=1 episodes=50 dataset/TEACh/preprocessed_histories/valid_unseen-multi/50ep-c179436351ca12d6ac19176f5d3e1acb.pkl
02 cached qa_start=2 qa_count=1 episodes=50 dataset/TEACh/preprocessed_histories/valid_unseen-multi/50ep-e3690f2c5e5ccdb053803f54500075bb.pkl
03 cached qa_start=3 qa_count=1 episodes=50 dataset/TEACh/preprocessed_histories/valid_unseen-multi/50ep-04ad61ab48c59b07c35386471dcf5ca3.pkl
Evaluating sample 6c24abb778c24a7c_704a-977b52faf01e6c05_d71f-01c1b8aa1820aa0b_adaf-32918ea00b69d9fe_38ff-cdf30defa61245ba_5590-2513b9a8d8ae5129_ab38-7337be5c30b1b5d1_874c-57862376ad3394a1_c9dc-32fe2fa7cc43fbc3_b8f3-0de4b62afcd06138_45f2-a966ba0c6e0d463d_ce88-25ef88cce38adfbc_1740-7504548a0dd7baf8_b148-064a69cb5d40b41f_9c2e-a690a35743c855aa_4c00-4b813e7c9bc088d0_1ce1-e4909f617bc99db4_4ab8-03379f213dfbda39_79a2-c49a96282ec09e90_5bfa-a2d31b84a569e568_fb03-88ddc0cbf1a23687_43ea-b36a8d73976068a3_6afd-c02445dd7a5b6f26_d92a-a76099fbab67c9da_4d48-c6c5c151b7b8e770_38db-60d26ec0f9c4757e_425d-9539c0004762d6a8_2eee-b2fde7ee4eb1c40f_1f95-c2ffd6a81bfe2613_f91c-81b10da74f7ac9ff_15c8-6ccc8b815fbc093a_e921-5aa3cbd322d4f163_402a-52e190f2e5f3b790_edbb-71392179ff5e728f_d7fe-4e893adaff5699af_ab4f-6f4aca312776de7b_97f3-4e88e46c6584bd85_21d2-eef61c8f3cdd8280_c537-bfb3e4eaf7ba458f_81db-af3fc77ab8313235_5b72-dbb41344c474217f_ee0e-498d06abfb7e9487_5c19-36492265af47de94_a352-9c97a83f60095487_02d9-0d1a67f82b3b5854_d74d-2f8d482d22e56fdd_410e-5c12b219bbb5bc07_6008-4aafdc038df138e8_58f0-474a8460bc35eb12_20d0-0f0664338151d4ac_5c06-0-seq_low_actions_to_episode_task_descs
Loading weights:   0%|          | 0/199 [00:00<?, ?it/s]Loading weights: 100%|██████████| 199/199 [00:00<00:00, 5518.82it/s]
[1mMPNetModel LOAD REPORT[0m from: sentence-transformers/all-mpnet-base-v2
Key                     | Status     |  | 
------------------------+------------+--+-
embeddings.position_ids | UNEXPECTED |  | 

Notes:
- UNEXPECTED:	can be ignored when loading from different task/architecture; not ok if you expect identical arch.
/home/user22303471/Project/Active-H-EMV/llm_emv/setup.py:226: FutureWarning: The `get_sentence_embedding_dimension` method has been renamed to `get_embedding_dimension`.
  filter_kwargs['_embedding_dim'] = embedding_model.get_sentence_embedding_dimension()
/home/user22303471/Project/Active-H-EMV/llm_emv/setup.py:183: FutureWarning: The `get_sentence_embedding_dimension` method has been renamed to `get_embedding_dimension`.
  result = torch.empty(len(texts), embedding_model.get_sentence_embedding_dimension(),
[配置] 启用 FAISS 加速，索引类型: flat
[GraphAug] 开始构建记忆图...
[MemoryGraph] 收集到 4933 个事件节点
[MemoryGraph] 时间相邻边: 3925
[MemoryGraph] 共享物体边: 10979
[MemoryGraph] 唯一动作数: 395, 相似动作对: 786
[MemoryGraph] 相似动作边: 1527
[MemoryGraph] 图构建完成: {'num_nodes': 4933, 'num_edges': 16431, 'edges_temporal_adjacent': 3925, 'edges_co_object': 10979, 'edges_similar_action': 1527}
[GraphAug] 记忆图构建完成
Got 0 examples


 ============================== 


eval task_lookup('place the mug on the coffeemachine')
Updated/Defined variables after execution: {}

**SystemMessage**:
"""You are a smart humanoid robot answering user question about your past actions.
The history object contains information on what you did in the past, represented as a tree.
Use the method expand to look at details of a node.
Make sure to use collapse_all_but(idx) when you expanded irrelevant nodes, in order to keep the tree compact.
Enter Python expressions into the console to see the value and decide for the next command based on that result.
Answer concisely by calling answer(reasoning="...", answer="...") when you gathered enough information to answer the question.
Generate syntactically correct python console statements only, no explanations or other natural language statements.
IMPORTANT: If search() returns "No relevant records found", your next command MUST be answer(reasoning="No relevant record was found.", answer="I have no record of that."). Do not search synonyms, do not expand further, and do not call vqa.
IMPORTANT: If you get "Nothing changed" twice, answer honestly that you have no record. Do NOT keep searching repeatedly. For just-before/just-after questions, first try one broader target search or inspect another relevant top-level time block before giving up.
For object yes/no questions, first use object_lookup("object name"). If it reports no matching summary, answer "No, I have no record of that." Do not call vqa unless you already have a directly relevant leaf image.
For task-list questions such as "List the tasks you performed", first use task_list(). Prefer its Recommended answer and chronological candidates instead of manually expanding the whole tree. For long histories, do not copy every task candidate verbatim unless the user explicitly asks for an exhaustive transcript.
For low-level action questions such as "what task did you perform when you toggle/open/pick up/place X", first use action_lookup("full low-level action"), for example action_lookup("open the drawer"). Do not call task_lookup first for these low-level action questions.
For task-description questions such as "describe what you did when you X", first use task_lookup("X"). Prefer its matching task candidates instead of manually expanding the whole tree. This does not apply to low-level action questions covered by action_lookup.
For exact date/time questions or "N days ago" questions asking what happened, first use date_lookup(question). Prefer its Recommended answer when it is confident instead of manually expanding by date.
For "How many days ago did you X?" or "When did you X?" questions, first use event_date_lookup(question). If it lists multiple days, include all of them in the final answer instead of only the most recent match.
For just-before or just-after questions, first use temporal_neighbor(target_task, direction="before" or "after") if a candidate is not already shown. Prefer the returned Recommended answer when it is confident. Only then inspect adjacent sibling or temporal nodes. Avoid expanding to raw leaf observations unless the summary is insufficient.
Do not call vqa for time, date, task-list, before/after, or yes/no object-existence questions when textual summaries already answer the question. Use vqa only for explicit visual appearance questions such as color, visible state, or what something looks like.
Never output bare parameters such as reasoning="..." answer="...". Always call answer(reasoning="...", answer="...").
Keep answer() short: reasoning under 20 words, answer under 60 words, and do not use markdown or backticks inside answer()."""

**HumanMessage**:
"""
def action_lookup(query: str, max_matches: int = 6) -> str # For low-level action questions, map raw leaf actions back to task-sized summaries
def answer(reasoning: str = None, answer: str = Ellipsis)
def ask(question: str)
def date_lookup(query: str, max_matches: int = 8) -> str # For exact date/time or N-days-ago questions, list matching history summaries directly
def event_date_lookup(query: str, max_matches: int = 12) -> str # For "how many days ago did you X" questions, find all matching event dates directly
def now() -> datetime.datetime
def object_lookup(object_name: str, max_matches: int = 8) -> str # For object yes/no questions, check whether task summaries mention the object
def task_list(max_tasks: int = 30) -> str # For task-list questions, list task-sized history summaries in chronological order
def task_lookup(query: str, max_matches: int = 8) -> str # For task-description questions, list task-sized summaries matching a query
def temporal_neighbor(target_task: str, direction: str = 'before', max_candidates: int = 6) -> str # For just-before/just-after questions, find the target task and return adjacent task candidates
def vqa(question: str, *images: PIL.Image.Image)
"""

**HumanMessage**:
"""Usage examples:
>>> history.expand()  # Shows the history tree with all child nodes expanded
>>> history.expand(date(2021, 12, 20))  # Expand the children that overlap with the given day
>>> history.expand(now() - timedelta(hours=6), now() - timedelta(hours=4))  # Expand all children that overlap with the given range (in this example "about 5 hours ago")
>>> history.expand((now() - timedelta(days=2)).date())  # Expand all children that overlap with the day before yesterday
>>> history.expand(0)  # Shows child node 0
>>> history[0].expand()  # Expands all child nodes of node 0 (node 0 must be expanded already to see them)
>>> history[5][2].expand()  # Shows child node 2 of child node 5 with all its child nodes expanded
>>> history.search("green cup") # Semantic index search. Expands the most relevant children according to similarity of the natural language query and the node's (recursively defined) index content.
>>> history[1][42].search("bicycle") # Semantic index search on some node further down the tree. Expands the children of node 1.42 most relevant to the search term
>>> history[3].collapse_all_but(1); history[3][1].expand()  # Zooms into details of child node 3.1 while collapsing all other childs of node 3
>>> vqa("What color is the ... in this image?",
...     history[2][4][-1][0].image)  # Invoke a model to answer a visual question about image(s) of some leaf (!) node(s)

# After gathering the relevant information, answer the question:
# Optionally, provide a reasoning on why you choose the respective answer
>>> answer(reasoning="...", answer="...")"""

**HumanMessage**:
"""User question: what task or tasks did you perform when you place the mug on the coffeemachine?"""

**AIMessage**:
"""task_lookup('place the mug on the coffeemachine')"""

**HumanMessage**:
/home/user22303471/Project/Active-H-EMV/llm_emv/setup.py:226: FutureWarning: The `get_sentence_embedding_dimension` method has been renamed to `get_embedding_dimension`.
  filter_kwargs['_embedding_dim'] = embedding_model.get_sentence_embedding_dimension()
/home/user22303471/Project/Active-H-EMV/llm_emv/setup.py:183: FutureWarning: The `get_sentence_embedding_dimension` method has been renamed to `get_embedding_dimension`.
  result = torch.empty(len(texts), embedding_model.get_sentence_embedding_dimension(),
""""Task lookup candidates for query='place the mug on the coffeemachine' (matched by raw action target):\n1. score=1.00; raw_matches=2; 2023/08/02 11:01 - 11:05: I placed the first mug in the coffee machine and started it. Afterwards, I took a second dirty mug, washed it in the sink, and used the coffee machine to make the se...\n2. score=1.00; raw_matches=1; 2023/08/03 16:25:23 - 16:27:39: After briefly moving a bowl, I correctly identified the dirty mug by the sink. I emptied it, rinsed it with water from the faucet, and then placed it in the coffee m...\n3. score=1.00; raw_matches=1; 2023/08/03 16:22:51 - 16:25:21: I made a mistake by first picking up a clean mug from the island. After emptying its contents into the sink, I placed it in the coffee machine. The user corrected me...\n4. score=1.00; raw_matches=1; 2023/07/30 10:01:26 - 10:03:35: Following the user's instruction to prepare coffee, I began by moving a vase to the countertop. I then took a mug from the sink, cleaned it with water, and placed it...\n5. score=1.00; raw_matches=1; 2023/07/23 08:05:49 - 08:06:48: Following another instruction to 'switch on the coffee maker,' I mistakenly placed the mug on the counter before running the machine. I then corrected this by placin...\n6. score=1.00; raw_matches=1; 2023/07/23 08:04:52 - 08:05:37: The user seemed to want me to repeat the action, so after they said 'no' and instructed me to 'fill the mug with coffee,' I placed the mug back into the coffee machi...\nRecommended answer: I placed the first mug in the coffee machine and started it. Afterwards, I took a second dirty mug; After briefly moving a bowl, I correctly identified the dirty mug by the sink. I emptied it; I made a mistake by first picking up a clean mug from the island. After emptying its contents into the sink; Following the user's instruction to prepare coffee, I began by moving a vase to the countertop; Following another instruction to 'switch on the coffee maker\nAnswer now with concise task-sized phrases; do not call action_lookup again.""""

**HumanMessage**:
"""Current state:
2023/07/13 - 2023/08/04: "From July 13th to August 4th, I consistently performed a variety of daily kitchen and household tasks, including preparing diverse meals like toast, sandwiches, cooked potatoes, salads, and coffee, along with routine activities such as watering houseplants, cleaning dishes, and organizing various items including credit cards, remotes, tissue boxes, pencils, newspapers, and watches."  
  ..."""
{}
command: answer(reasoning="The task_lookup command found several instances where I placed a mug on the coffee machine. These tasks were all related to
expected output: 


 ============================== 


eval answer(reasoning="The task_lookup command found several instances where I placed a mug on the coffee machine. These tasks were all related to


 ============================== 


eval answer(reasoning="The task_lookup command found several instances where I placed a mug on the coffee machine. These tasks were all related to


 ============================== 




answer(reasoning="The task_lookup command found several instances where I placed a mug on the coffee machine. These tasks were all related to

[结构化回退] answer(...) 语法错误，返回结构化推荐答案
Tokens Used: 3044
	Prompt Tokens: 2280
	Completion Tokens: 764
Successful Requests: 1
Total Cost (USD): $0.0
Evaluating sample e336199e4aca573c_4d32-85ec788c6b00fb0d_14d1-ad2e4eb0b24a5940_9c9d-50bc3abf986ccabb_7071-915fdf90f4bc33cd_6c72-1fd74046ded8f9d1_42a3-cb0e41e1b364ad27_9a72-4b7b1a5b7f3d19ae_1413-cce21676357b2d20_b27c-01c1b8aa1820aa0b_adaf-b8f22271faff678f_dce6-4fc54b735d3f45a6_b7b4-e8f7cd03e3683657_4d70-84d6411d0710d918_5b3c-04ae108b77699c0f_2453-b53c115c99ca34dd_5e2b-b63078c7b3e28f59_355d-c6f7828bc5640531_1604-c7cc40993ef8468b_3e7b-0b161c6f709cde89_4c30-fef7c3fc3990d2e8_518b-e85d1457c7af9ad4_4960-9e23434a16a146b5_7f9a-41b067f2ce6f3fef_8ee6-9539c0004762d6a8_fe91-a2b0269334c60e48_2cb5-464fb2558d308797_4110-d8034826803791df_10bf-88f8ad0d2d356270_bb95-491169530040eb68_c8b0-e035a44ebae9d3fd_c842-c02445dd7a5b6f26_86bd-8150a936da2df63d_2451-3ebbcf3c3aed7c9e_5813-1e8fb21f2b41b0b0_db8b-a451af83aeece675_117b-140e54aadad74d20_222f-e455dbf27ecaf413_8484-c6c5c151b7b8e770_38db-18f6da623ba658a2_aa07-612f99763b6978b6_0c1a-09d537bcc73a42fc_52e8-5ab41ea72487ce0f_e5be-0d1a67f82b3b5854_d74d-0d600126a7947365_cac4-2b5a33d4908ee77d_20f6-a82cd949493bada0_ffe5-b2815444299854b0_d30e-5026400c43e20c2d_d3fc-85ec788c6b00fb0d_49ba-0-seq_low_actions_to_episode_task_descs
[配置] 启用 FAISS 加速，索引类型: flat
[GraphAug] 开始构建记忆图...
[MemoryGraph] 收集到 5612 个事件节点
[MemoryGraph] 时间相邻边: 4545
[MemoryGraph] 共享物体边: 12248
[MemoryGraph] 唯一动作数: 372, 相似动作对: 802
[MemoryGraph] 相似动作边: 1599
[MemoryGraph] 图构建完成: {'num_nodes': 5612, 'num_edges': 18392, 'edges_temporal_adjacent': 4545, 'edges_co_object': 12248, 'edges_similar_action': 1599}
[GraphAug] 记忆图构建完成
Got 0 examples


 ============================== 


eval task_lookup('toggle on the faucet')
Updated/Defined variables after execution: {}

**SystemMessage**:
"""You are a smart humanoid robot answering user question about your past actions.
The history object contains information on what you did in the past, represented as a tree.
Use the method expand to look at details of a node.
Make sure to use collapse_all_but(idx) when you expanded irrelevant nodes, in order to keep the tree compact.
Enter Python expressions into the console to see the value and decide for the next command based on that result.
Answer concisely by calling answer(reasoning="...", answer="...") when you gathered enough information to answer the question.
Generate syntactically correct python console statements only, no explanations or other natural language statements.
IMPORTANT: If search() returns "No relevant records found", your next command MUST be answer(reasoning="No relevant record was found.", answer="I have no record of that."). Do not search synonyms, do not expand further, and do not call vqa.
IMPORTANT: If you get "Nothing changed" twice, answer honestly that you have no record. Do NOT keep searching repeatedly. For just-before/just-after questions, first try one broader target search or inspect another relevant top-level time block before giving up.
For object yes/no questions, first use object_lookup("object name"). If it reports no matching summary, answer "No, I have no record of that." Do not call vqa unless you already have a directly relevant leaf image.
For task-list questions such as "List the tasks you performed", first use task_list(). Prefer its Recommended answer and chronological candidates instead of manually expanding the whole tree. For long histories, do not copy every task candidate verbatim unless the user explicitly asks for an exhaustive transcript.
For low-level action questions such as "what task did you perform when you toggle/open/pick up/place X", first use action_lookup("full low-level action"), for example action_lookup("open the drawer"). Do not call task_lookup first for these low-level action questions.
For task-description questions such as "describe what you did when you X", first use task_lookup("X"). Prefer its matching task candidates instead of manually expanding the whole tree. This does not apply to low-level action questions covered by action_lookup.
For exact date/time questions or "N days ago" questions asking what happened, first use date_lookup(question). Prefer its Recommended answer when it is confident instead of manually expanding by date.
For "How many days ago did you X?" or "When did you X?" questions, first use event_date_lookup(question). If it lists multiple days, include all of them in the final answer instead of only the most recent match.
For just-before or just-after questions, first use temporal_neighbor(target_task, direction="before" or "after") if a candidate is not already shown. Prefer the returned Recommended answer when it is confident. Only then inspect adjacent sibling or temporal nodes. Avoid expanding to raw leaf observations unless the summary is insufficient.
Do not call vqa for time, date, task-list, before/after, or yes/no object-existence questions when textual summaries already answer the question. Use vqa only for explicit visual appearance questions such as color, visible state, or what something looks like.
Never output bare parameters such as reasoning="..." answer="...". Always call answer(reasoning="...", answer="...").
Keep answer() short: reasoning under 20 words, answer under 60 words, and do not use markdown or backticks inside answer()."""

**HumanMessage**:
"""
def action_lookup(query: str, max_matches: int = 6) -> str # For low-level action questions, map raw leaf actions back to task-sized summaries
def answer(reasoning: str = None, answer: str = Ellipsis)
def ask(question: str)
def date_lookup(query: str, max_matches: int = 8) -> str # For exact date/time or N-days-ago questions, list matching history summaries directly
def event_date_lookup(query: str, max_matches: int = 12) -> str # For "how many days ago did you X" questions, find all matching event dates directly
def now() -> datetime.datetime
def object_lookup(object_name: str, max_matches: int = 8) -> str # For object yes/no questions, check whether task summaries mention the object
def task_list(max_tasks: int = 30) -> str # For task-list questions, list task-sized history summaries in chronological order
def task_lookup(query: str, max_matches: int = 8) -> str # For task-description questions, list task-sized summaries matching a query
def temporal_neighbor(target_task: str, direction: str = 'before', max_candidates: int = 6) -> str # For just-before/just-after questions, find the target task and return adjacent task candidates
def vqa(question: str, *images: PIL.Image.Image)
"""

**HumanMessage**:
"""Usage examples:
>>> history.expand()  # Shows the history tree with all child nodes expanded
>>> history.expand(date(2021, 12, 20))  # Expand the children that overlap with the given day
>>> history.expand(now() - timedelta(hours=6), now() - timedelta(hours=4))  # Expand all children that overlap with the given range (in this example "about 5 hours ago")
>>> history.expand((now() - timedelta(days=2)).date())  # Expand all children that overlap with the day before yesterday
>>> history.expand(0)  # Shows child node 0
>>> history[0].expand()  # Expands all child nodes of node 0 (node 0 must be expanded already to see them)
>>> history[5][2].expand()  # Shows child node 2 of child node 5 with all its child nodes expanded
>>> history.search("green cup") # Semantic index search. Expands the most relevant children according to similarity of the natural language query and the node's (recursively defined) index content.
>>> history[1][42].search("bicycle") # Semantic index search on some node further down the tree. Expands the children of node 1.42 most relevant to the search term
>>> history[3].collapse_all_but(1); history[3][1].expand()  # Zooms into details of child node 3.1 while collapsing all other childs of node 3
>>> vqa("What color is the ... in this image?",
...     history[2][4][-1][0].image)  # Invoke a model to answer a visual question about image(s) of some leaf (!) node(s)

# After gathering the relevant information, answer the question:
# Optionally, provide a reasoning on why you choose the respective answer
>>> answer(reasoning="...", answer="...")"""

**HumanMessage**:
"""User question: what task or tasks did you perform when you toggle on the faucet?"""

**AIMessage**:
"""task_lookup('toggle on the faucet')"""

**HumanMessage**:
/home/user22303471/Project/Active-H-EMV/llm_emv/setup.py:226: FutureWarning: The `get_sentence_embedding_dimension` method has been renamed to `get_embedding_dimension`.
  filter_kwargs['_embedding_dim'] = embedding_model.get_sentence_embedding_dimension()
/home/user22303471/Project/Active-H-EMV/llm_emv/setup.py:183: FutureWarning: The `get_sentence_embedding_dimension` method has been renamed to `get_embedding_dimension`.
  result = torch.empty(len(texts), embedding_model.get_sentence_embedding_dimension(),
""""Task lookup candidates for query='toggle on the faucet' (matched by raw action target):\n1. score=1.00; raw_matches=1; 2023/12/14 11:30:48 - 11:33:00: Following instructions to clean a plate for the toast, I washed a dirty plate in the sink and served the toasted bread on it to complete the task.\n2. score=1.00; raw_matches=1; 2023/12/14 11:22:53 - 11:23:34: I placed the bowl in the sink basin, turned on the faucet to fill it, then picked up the filled bowl and placed it on the countertop.\n3. score=1.00; raw_matches=1; 2023/12/13 12:39:12 - 12:39:55: I then started cleaning a second mug by placing it in the sink and washing it with the faucet.\n4. score=1.00; raw_matches=1; 2023/12/11 09:11:33 - 09:14:17: I received an instruction to boil a potato. I gathered a pot and a potato, filled the pot with water, placed the potato inside, moved the pot to the stove, and turne...\n5. score=1.00; raw_matches=1; 2023/12/11 08:29:18 - 08:29:55: I opened the fridge, found the last dirty plate, placed it in the sink, and turned the faucet on and off to clean it. The task was then marked as complete by the use...\n6. score=1.00; raw_matches=1; 2023/12/11 08:27:09 - 08:28:52: I picked up the first dirty plate from the chair, placed it in the sink, turned the faucet on and off to clean it, and then placed the clean plate on the countertop.\nRecommended answer: Following instructions to clean a plate for the toast; I placed the bowl in the sink basin, turned on the faucet to fill it; I then started cleaning a second mug by placing it in the sink and washing it with the faucet.; I received an instruction to boil a potato. I gathered a pot and a potato, filled the pot with water; I opened the fridge, found the last dirty plate, placed it in the sink\nAnswer now with concise task-sized phrases; do not call action_lookup again.""""

**HumanMessage**:
"""Current state:
2023/11/23 - 2023/12/14: "From November 23rd to December 14th, I performed a consistent routine of household maintenance and meal preparation. This included preparing various meals such as toast, sandwiches, and salads, boiling potatoes, making coffee, washing dishes, watering houseplants, and organizing common household items like remotes, newspapers, and pillows."  
  ..."""
{}
command: answer(reasoning="The task_lookup function identified several instances where I toggled on the faucet.", answer="I cleaned a plate for toast, filled a bowl in the sink, cleaned a second mug, filled a pot with water to boil a potato, and cleaned dirty plates.")
expected output: 


 ============================== 


eval answer(reasoning="The task_lookup function identified several instances where I toggled on the faucet.", answer="I cleaned a plate for toast, filled a bowl in the sink, cleaned a second mug, filled a pot with water to boil a potato, and cleaned dirty plates.")
Answering I cleaned a plate for toast, filled a bowl in the sink, cleaned a second mug, filled a pot with water to boil a potato, and cleaned dirty plates.  with reason: The task_lookup function identified several instances where I toggled on the faucet.
Tokens Used: 2352
	Prompt Tokens: 2226
	Completion Tokens: 126
Successful Requests: 1
Total Cost (USD): $0.0
Evaluating sample ed9479c5dd8f204d_0102-488f96fab858496c_d6e2-a01d8c5e515fa9c4_c871-345624f0e74dc947_8525-dbb41344c474217f_2e3e-57862376ad3394a1_464f-977b52faf01e6c05_2895-15fa5e0caaf6a06f_81e4-eccc0afc91fb9b74_d5ba-c4c12513ffbf7d33_9e16-fef7c3fc3990d2e8_fb19-7affadfe549cbeb4_1df8-92904ea754a401e6_2b2c-064a69cb5d40b41f_f773-bbe083aa96535a1d_a996-7d0db28e7d18c776_c97a-0d1a67f82b3b5854_d74d-c1eba1e4b831e04b_aab3-5ab41ea72487ce0f_e5be-a44d13c7da084070_fe04-bd7327d5d2853453_fad6-c02445dd7a5b6f26_fffd-53472cf3cabeb021_46b6-1fa4f0593088b6f2_89ee-1023a6f334db1f63_f0f2-bd7327d5d2853453_5b4f-cdf30defa61245ba_5590-88f8ad0d2d356270_bb95-864a2333f20b0957_be88-75a59f83a279bd78_fb03-c2787b38615034c6_6175-1a8b00c643110183_ebc6-1e8fb21f2b41b0b0_db8b-fe6b3de8c88b8573_9f76-8057d5b1cab47555_9345-04ae108b77699c0f_2453-dd2efe33087ddc60_cb3a-23acf721b22a6456_1716-1801730beafdda15_f501-a1694dc92f54473f_0b07-b8729e0c4c857a8e_24b5-4c98e155c32cdc6f_7acc-f7ca0c5c4964bcdc_c0cf-e82f290cb4ab70bd_86a3-b2fde7ee4eb1c40f_1f95-c7cc40993ef8468b_3e7b-41b067f2ce6f3fef_8ee6-f25eed33d1c37931_1a7f-0de4b62afcd06138_45f2-36651928a974c895_caa2-0-seq_low_actions_to_episode_task_descs
[配置] 启用 FAISS 加速，索引类型: flat
[GraphAug] 开始构建记忆图...
[MemoryGraph] 收集到 6810 个事件节点
[MemoryGraph] 时间相邻边: 5514
[MemoryGraph] 共享物体边: 13274
[MemoryGraph] 唯一动作数: 424, 相似动作对: 929
[MemoryGraph] 相似动作边: 1848
[MemoryGraph] 图构建完成: {'num_nodes': 6810, 'num_edges': 20636, 'edges_temporal_adjacent': 5514, 'edges_co_object': 13274, 'edges_similar_action': 1848}
[GraphAug] 记忆图构建完成
Got 0 examples


 ============================== 


eval task_lookup('pick up the butterknife')
Updated/Defined variables after execution: {}

**SystemMessage**:
"""You are a smart humanoid robot answering user question about your past actions.
The history object contains information on what you did in the past, represented as a tree.
Use the method expand to look at details of a node.
Make sure to use collapse_all_but(idx) when you expanded irrelevant nodes, in order to keep the tree compact.
Enter Python expressions into the console to see the value and decide for the next command based on that result.
Answer concisely by calling answer(reasoning="...", answer="...") when you gathered enough information to answer the question.
Generate syntactically correct python console statements only, no explanations or other natural language statements.
IMPORTANT: If search() returns "No relevant records found", your next command MUST be answer(reasoning="No relevant record was found.", answer="I have no record of that."). Do not search synonyms, do not expand further, and do not call vqa.
IMPORTANT: If you get "Nothing changed" twice, answer honestly that you have no record. Do NOT keep searching repeatedly. For just-before/just-after questions, first try one broader target search or inspect another relevant top-level time block before giving up.
For object yes/no questions, first use object_lookup("object name"). If it reports no matching summary, answer "No, I have no record of that." Do not call vqa unless you already have a directly relevant leaf image.
For task-list questions such as "List the tasks you performed", first use task_list(). Prefer its Recommended answer and chronological candidates instead of manually expanding the whole tree. For long histories, do not copy every task candidate verbatim unless the user explicitly asks for an exhaustive transcript.
For low-level action questions such as "what task did you perform when you toggle/open/pick up/place X", first use action_lookup("full low-level action"), for example action_lookup("open the drawer"). Do not call task_lookup first for these low-level action questions.
For task-description questions such as "describe what you did when you X", first use task_lookup("X"). Prefer its matching task candidates instead of manually expanding the whole tree. This does not apply to low-level action questions covered by action_lookup.
For exact date/time questions or "N days ago" questions asking what happened, first use date_lookup(question). Prefer its Recommended answer when it is confident instead of manually expanding by date.
For "How many days ago did you X?" or "When did you X?" questions, first use event_date_lookup(question). If it lists multiple days, include all of them in the final answer instead of only the most recent match.
For just-before or just-after questions, first use temporal_neighbor(target_task, direction="before" or "after") if a candidate is not already shown. Prefer the returned Recommended answer when it is confident. Only then inspect adjacent sibling or temporal nodes. Avoid expanding to raw leaf observations unless the summary is insufficient.
Do not call vqa for time, date, task-list, before/after, or yes/no object-existence questions when textual summaries already answer the question. Use vqa only for explicit visual appearance questions such as color, visible state, or what something looks like.
Never output bare parameters such as reasoning="..." answer="...". Always call answer(reasoning="...", answer="...").
Keep answer() short: reasoning under 20 words, answer under 60 words, and do not use markdown or backticks inside answer()."""

**HumanMessage**:
"""
def action_lookup(query: str, max_matches: int = 6) -> str # For low-level action questions, map raw leaf actions back to task-sized summaries
def answer(reasoning: str = None, answer: str = Ellipsis)
def ask(question: str)
def date_lookup(query: str, max_matches: int = 8) -> str # For exact date/time or N-days-ago questions, list matching history summaries directly
def event_date_lookup(query: str, max_matches: int = 12) -> str # For "how many days ago did you X" questions, find all matching event dates directly
def now() -> datetime.datetime
def object_lookup(object_name: str, max_matches: int = 8) -> str # For object yes/no questions, check whether task summaries mention the object
def task_list(max_tasks: int = 30) -> str # For task-list questions, list task-sized history summaries in chronological order
def task_lookup(query: str, max_matches: int = 8) -> str # For task-description questions, list task-sized summaries matching a query
def temporal_neighbor(target_task: str, direction: str = 'before', max_candidates: int = 6) -> str # For just-before/just-after questions, find the target task and return adjacent task candidates
def vqa(question: str, *images: PIL.Image.Image)
"""

**HumanMessage**:
"""Usage examples:
>>> history.expand()  # Shows the history tree with all child nodes expanded
>>> history.expand(date(2021, 12, 20))  # Expand the children that overlap with the given day
>>> history.expand(now() - timedelta(hours=6), now() - timedelta(hours=4))  # Expand all children that overlap with the given range (in this example "about 5 hours ago")
>>> history.expand((now() - timedelta(days=2)).date())  # Expand all children that overlap with the day before yesterday
>>> history.expand(0)  # Shows child node 0
>>> history[0].expand()  # Expands all child nodes of node 0 (node 0 must be expanded already to see them)
>>> history[5][2].expand()  # Shows child node 2 of child node 5 with all its child nodes expanded
>>> history.search("green cup") # Semantic index search. Expands the most relevant children according to similarity of the natural language query and the node's (recursively defined) index content.
>>> history[1][42].search("bicycle") # Semantic index search on some node further down the tree. Expands the children of node 1.42 most relevant to the search term
>>> history[3].collapse_all_but(1); history[3][1].expand()  # Zooms into details of child node 3.1 while collapsing all other childs of node 3
>>> vqa("What color is the ... in this image?",
...     history[2][4][-1][0].image)  # Invoke a model to answer a visual question about image(s) of some leaf (!) node(s)

# After gathering the relevant information, answer the question:
# Optionally, provide a reasoning on why you choose the respective answer
>>> answer(reasoning="...", answer="...")"""

**HumanMessage**:
"""User question: what task or tasks did you perform when you pick up the butterknife?"""

**AIMessage**:
"""task_lookup('pick up the butterknife')"""

**HumanMessage**:
/home/user22303471/Project/Active-H-EMV/llm_emv/setup.py:226: FutureWarning: The `get_sentence_embedding_dimension` method has been renamed to `get_embedding_dimension`.
  filter_kwargs['_embedding_dim'] = embedding_model.get_sentence_embedding_dimension()
/home/user22303471/Project/Active-H-EMV/llm_emv/setup.py:183: FutureWarning: The `get_sentence_embedding_dimension` method has been renamed to `get_embedding_dimension`.
  result = torch.empty(len(texts), embedding_model.get_sentence_embedding_dimension(),
""""Task lookup candidates for query='pick up the butterknife' (matched by raw action target):\n1. score=1.00; raw_matches=1; 2023/04/15 09:34:22 - 09:36:21: I picked up a tomato, placed it on the countertop, then picked up a butter knife and sliced the tomato, placing the slices back on the countertop.\n2. score=1.00; raw_matches=1; 2023/04/14 09:39 - 09:45: After the user noted the bowl was unwashed, I removed the tomato slice, moved the bowl to the sink, cleared the area, and washed the bowl. I then placed the tomato s...\n3. score=1.00; raw_matches=1; 2023/04/07 08:22:34 - 08:24:14: I picked up a butter knife and placed it on the countertop. During this time, I received instructions to prepare a slice of toast.\n4. score=1.00; raw_matches=1; 2023/04/05 17:56:56 - 17:59:36: I prepared and toasted a slice of bread after checking the fridge for ingredients and slicing a loaf from the cabinet.\n5. score=1.00; raw_matches=1; 2023/04/04 19:21 - 19:24: The user instructed me to cook 5 slices of potato. I picked up a potato from the shelf, placed it on the countertop, turned off the faucet, and then picked up a butt...\n6. score=1.00; raw_matches=1; 2023/04/04 19:21 - 19:27: After being instructed to cook 5 potato slices, I prepared the potato, sliced it, and placed the slices into the microwave to cook.\nRecommended answer: I picked up a tomato, placed it on the countertop, then picked up a butter knife and sliced the tomato; After the user noted the bowl was unwashed, I removed the tomato slice, moved the bowl to the sink; I picked up a butter knife and placed it on the countertop. During this time; I prepared and toasted a slice of bread after checking the fridge for ingredients and slicing a loaf from the; The user instructed me to cook 5 slices of potato. I picked up a potato from the shelf\nAnswer now with concise task-sized phrases; do not call action_lookup again.""""

**HumanMessage**:
"""Current state:
2023/03/29 - 2023/04/23: "Between March 29th and April 23rd, I performed consistent household maintenance and daily routines, including preparing various meals like coffee and sandwiches, watering plants, cleaning kitchenware, and tidying up the living room and sofa areas."  
  ..."""
{}
command: answer(reasoning="The task_lookup results show multiple instances of picking up a butterknife. The primary tasks were slicing a tomato, preparing toast,
expected output: 


 ============================== 


eval answer(reasoning="The task_lookup results show multiple instances of picking up a butterknife. The primary tasks were slicing a tomato, preparing toast,


 ============================== 


eval answer(reasoning="The task_lookup results show multiple instances of picking up a butterknife. The primary tasks were slicing a tomato, preparing toast,


 ============================== 




answer(reasoning="The task_lookup results show multiple instances of picking up a butterknife. The primary tasks were slicing a tomato, preparing toast,

[结构化回退] answer(...) 语法错误，返回结构化推荐答案
Tokens Used: 2969
	Prompt Tokens: 2205
	Completion Tokens: 764
Successful Requests: 1
Total Cost (USD): $0.0
Evaluating sample 464fb2558d308797_4110-5f3063384d77aa71_0ac8-bfa7505b440eadde_750f-249afd96389c8ae6_c966-dcc90b08c376f4dc_74ab-ebd80a433c115116_b3d7-555c981b1ecc6c8a_7c01-32e631d248583662_5835-c02445dd7a5b6f26_be05-93af984d7981fdaa_6fc9-a690a35743c855aa_4c00-b87bd55d7820c86e_8d92-345624f0e74dc947_8525-49c94e2372ffae4f_3917-2b5a33d4908ee77d_20f6-7c76f284a689ed0a_dee3-22fa2e73c63bc50f_c1a7-6ccc8b815fbc093a_5cca-32813f06255beef5_0bd5-18f6da623ba658a2_aa07-e32e722334301fa7_892d-aae955889a0ba5fa_d123-35025f516f41aba5_ba52-4b813e7c9bc088d0_8155-61e8f5910474b00b_53e6-aa310077d368fbbc_0a82-c2ffd6a81bfe2613_f91c-41b067f2ce6f3fef_8ee6-fef7c3fc3990d2e8_e2e9-fb7d765ba6874372_db67-59d897f4009147d8_1d27-a451af83aeece675_117b-e455dbf27ecaf413_8484-dd2efe33087ddc60_cb3a-48f25d2481974dee_e871-9d1c053084e66e7b_dc9f-c4c12513ffbf7d33_9e16-a76099fbab67c9da_4d48-15fa5e0caaf6a06f_46f8-fc0fe94a4c8e3a29_9052-d62a957ecbfa6792_8217-0ae40b26ad1ead81_6240-c02445dd7a5b6f26_86bd-f82346f1b273c70a_aaf6-53472cf3cabeb021_b7f8-6e26385c641764c7_fe5a-e035a44ebae9d3fd_c842-7d0db28e7d18c776_c97a-dbb41344c474217f_2e3e-8f7791c488b51c98_fa79-0-seq_low_actions_to_episode_task_descs
[配置] 启用 FAISS 加速，索引类型: flat
[GraphAug] 开始构建记忆图...
[MemoryGraph] 收集到 7003 个事件节点
[MemoryGraph] 时间相邻边: 5743
[MemoryGraph] 共享物体边: 12813
[MemoryGraph] 唯一动作数: 435, 相似动作对: 840
[MemoryGraph] 相似动作边: 1669
[MemoryGraph] 图构建完成: {'num_nodes': 7003, 'num_edges': 20225, 'edges_temporal_adjacent': 5743, 'edges_co_object': 12813, 'edges_similar_action': 1669}
[GraphAug] 记忆图构建完成
Got 0 examples


 ============================== 


eval task_lookup('open the drawer')
Updated/Defined variables after execution: {}

**SystemMessage**:
"""You are a smart humanoid robot answering user question about your past actions.
The history object contains information on what you did in the past, represented as a tree.
Use the method expand to look at details of a node.
Make sure to use collapse_all_but(idx) when you expanded irrelevant nodes, in order to keep the tree compact.
Enter Python expressions into the console to see the value and decide for the next command based on that result.
Answer concisely by calling answer(reasoning="...", answer="...") when you gathered enough information to answer the question.
Generate syntactically correct python console statements only, no explanations or other natural language statements.
IMPORTANT: If search() returns "No relevant records found", your next command MUST be answer(reasoning="No relevant record was found.", answer="I have no record of that."). Do not search synonyms, do not expand further, and do not call vqa.
IMPORTANT: If you get "Nothing changed" twice, answer honestly that you have no record. Do NOT keep searching repeatedly. For just-before/just-after questions, first try one broader target search or inspect another relevant top-level time block before giving up.
For object yes/no questions, first use object_lookup("object name"). If it reports no matching summary, answer "No, I have no record of that." Do not call vqa unless you already have a directly relevant leaf image.
For task-list questions such as "List the tasks you performed", first use task_list(). Prefer its Recommended answer and chronological candidates instead of manually expanding the whole tree. For long histories, do not copy every task candidate verbatim unless the user explicitly asks for an exhaustive transcript.
For low-level action questions such as "what task did you perform when you toggle/open/pick up/place X", first use action_lookup("full low-level action"), for example action_lookup("open the drawer"). Do not call task_lookup first for these low-level action questions.
For task-description questions such as "describe what you did when you X", first use task_lookup("X"). Prefer its matching task candidates instead of manually expanding the whole tree. This does not apply to low-level action questions covered by action_lookup.
For exact date/time questions or "N days ago" questions asking what happened, first use date_lookup(question). Prefer its Recommended answer when it is confident instead of manually expanding by date.
For "How many days ago did you X?" or "When did you X?" questions, first use event_date_lookup(question). If it lists multiple days, include all of them in the final answer instead of only the most recent match.
For just-before or just-after questions, first use temporal_neighbor(target_task, direction="before" or "after") if a candidate is not already shown. Prefer the returned Recommended answer when it is confident. Only then inspect adjacent sibling or temporal nodes. Avoid expanding to raw leaf observations unless the summary is insufficient.
Do not call vqa for time, date, task-list, before/after, or yes/no object-existence questions when textual summaries already answer the question. Use vqa only for explicit visual appearance questions such as color, visible state, or what something looks like.
Never output bare parameters such as reasoning="..." answer="...". Always call answer(reasoning="...", answer="...").
Keep answer() short: reasoning under 20 words, answer under 60 words, and do not use markdown or backticks inside answer()."""

**HumanMessage**:
"""
def action_lookup(query: str, max_matches: int = 6) -> str # For low-level action questions, map raw leaf actions back to task-sized summaries
def answer(reasoning: str = None, answer: str = Ellipsis)
def ask(question: str)
def date_lookup(query: str, max_matches: int = 8) -> str # For exact date/time or N-days-ago questions, list matching history summaries directly
def event_date_lookup(query: str, max_matches: int = 12) -> str # For "how many days ago did you X" questions, find all matching event dates directly
def now() -> datetime.datetime
def object_lookup(object_name: str, max_matches: int = 8) -> str # For object yes/no questions, check whether task summaries mention the object
def task_list(max_tasks: int = 30) -> str # For task-list questions, list task-sized history summaries in chronological order
def task_lookup(query: str, max_matches: int = 8) -> str # For task-description questions, list task-sized summaries matching a query
def temporal_neighbor(target_task: str, direction: str = 'before', max_candidates: int = 6) -> str # For just-before/just-after questions, find the target task and return adjacent task candidates
def vqa(question: str, *images: PIL.Image.Image)
"""

**HumanMessage**:
"""Usage examples:
>>> history.expand()  # Shows the history tree with all child nodes expanded
>>> history.expand(date(2021, 12, 20))  # Expand the children that overlap with the given day
>>> history.expand(now() - timedelta(hours=6), now() - timedelta(hours=4))  # Expand all children that overlap with the given range (in this example "about 5 hours ago")
>>> history.expand((now() - timedelta(days=2)).date())  # Expand all children that overlap with the day before yesterday
>>> history.expand(0)  # Shows child node 0
>>> history[0].expand()  # Expands all child nodes of node 0 (node 0 must be expanded already to see them)
>>> history[5][2].expand()  # Shows child node 2 of child node 5 with all its child nodes expanded
>>> history.search("green cup") # Semantic index search. Expands the most relevant children according to similarity of the natural language query and the node's (recursively defined) index content.
>>> history[1][42].search("bicycle") # Semantic index search on some node further down the tree. Expands the children of node 1.42 most relevant to the search term
>>> history[3].collapse_all_but(1); history[3][1].expand()  # Zooms into details of child node 3.1 while collapsing all other childs of node 3
>>> vqa("What color is the ... in this image?",
...     history[2][4][-1][0].image)  # Invoke a model to answer a visual question about image(s) of some leaf (!) node(s)

# After gathering the relevant information, answer the question:
# Optionally, provide a reasoning on why you choose the respective answer
>>> answer(reasoning="...", answer="...")"""

**HumanMessage**:
"""User question: what task or tasks did you perform when you open the drawer?"""

**AIMessage**:
"""task_lookup('open the drawer')"""

**HumanMessage**:
""""Task lookup candidates for query='open the drawer' (matched by raw action target):\n1. score=1.00; raw_matches=3; 2024/09/27 18:06:23 - 18:08:44: I began the task of collecting all tissue boxes by searching through armchairs, cabinets, and drawers. I initially placed the found tissue boxes on a dresser.\n2. score=1.00; raw_matches=1; 2024/10/11 19:36:19 - 19:39:11: After looking for a tomato in the drawers and shelving unit, I found one, placed it on the countertop, and sliced it with the knife.\n3. score=0.92; raw_matches=1; 2024/09/30 17:36:57 - 17:38:23: I opened a cabinet on the dresser, found another remote control, picked it up, placed it on the dresser, and then closed the cabinet.\nRecommended answer: I began the task of collecting all tissue boxes by searching through armchairs, cabinets, and drawers; After looking for a tomato in the drawers and shelving unit, I found one, placed it on the countertop; I opened a cabinet on the dresser, found another remote control, picked it up, placed it on the dresser\nAnswer now with concise task-sized phrases; do not call action_lookup again.""""

**HumanMessage**:
"""Current state:
2024/09/19 - 2024/10/11: "Over the past few weeks, I have consistently managed household tasks by preparing various meals, brewing coffee, and cleaning kitchenware. I also maintained the living space by organizing items like remotes and pillows, watering houseplants, and keeping the area tidy."  
  ..."""
{}
command: answer(reasoning="The task_lookup command provided a list of tasks that involved opening a drawer. The recommended answer summarizes these tasks.", answer
expected output: 


 ============================== 


eval answer(reasoning="The task_lookup command provided a list of tasks that involved opening a drawer. The recommended answer summarizes these tasks.", answer


 ============================== 


eval answer(reasoning="The task_lookup command provided a list of tasks that involved opening a drawer. The recommended answer summarizes these tasks.", answer


 ============================== 




answer(reasoning="The task_lookup command provided a list of tasks that involved opening a drawer. The recommended answer summarizes these tasks.", answer

[结构化回退] answer(...) 语法错误，返回结构化推荐答案
Tokens Used: 2703
	Prompt Tokens: 1939
	Completion Tokens: 764
Successful Requests: 1
Total Cost (USD): $0.0
