Warning: You are sending unauthenticated requests to the HF Hub. Please set a HF_TOKEN to enable higher rate limits and faster downloads.
Loading weights:   0%|          | 0/199 [00:00<?, ?it/s]Loading weights: 100%|██████████| 199/199 [00:00<00:00, 4911.33it/s]
[1mMPNetModel LOAD REPORT[0m from: sentence-transformers/all-mpnet-base-v2
Key                     | Status     |  | 
------------------------+------------+--+-
embeddings.position_ids | UNEXPECTED |  | 

Notes:
- UNEXPECTED:	can be ignored when loading from different task/architecture; not ok if you expect identical arch.
/home/user22303471/Project/Active-H-EMV/llm_emv/setup.py:206: FutureWarning: The `get_sentence_embedding_dimension` method has been renamed to `get_embedding_dimension`.
  filter_kwargs['_embedding_dim'] = embedding_model.get_sentence_embedding_dimension()
/home/user22303471/Project/Active-H-EMV/llm_emv/setup.py:164: FutureWarning: The `get_sentence_embedding_dimension` method has been renamed to `get_embedding_dimension`.
  result = torch.empty(len(texts), embedding_model.get_sentence_embedding_dimension(),
[配置] 启用 FAISS 加速，索引类型: flat
[GraphAug] 开始构建记忆图...
[MemoryGraph] 收集到 493 个事件节点
[MemoryGraph] 时间相邻边: 393
[MemoryGraph] 共享物体边: 1401
[MemoryGraph] 共享位置边: 1894
Embedding 88 , new: 0
[MemoryGraph] 唯一动作数: 88, 相似动作对: 23
[MemoryGraph] 相似动作边: 130
[MemoryGraph] 图构建完成: {'num_nodes': 493, 'num_edges': 3818, 'edges_temporal_adjacent': 393, 'edges_co_object': 1401, 'edges_co_location': 1894, 'edges_similar_action': 130}
[GraphAug] 记忆图构建完成

TRACE_PROBE path=root children=3 query='Say("hi") Say("hi")'
Traceback (most recent call last):
  File "<stdin>", line 56, in <module>
  File "/home/user22303471/Project/Active-H-EMV/llm_emv/graph_augmented_search.py", line 483, in search
    base_similarities = torch.tensor([
  File "/home/user22303471/Project/Active-H-EMV/llm_emv/graph_augmented_search.py", line 484, in <listcomp>
    search_similarity_fn(query, item) for item in items
  File "<stdin>", line 23, in <lambda>
  File "/home/user22303471/Project/Active-H-EMV/llm_emv/emv_api.py", line 197, in history_search_similarity
    texts = [s for s in node.index_content if s]
AttributeError: 'str' object has no attribute 'index_content'
ERROR conda.cli.main_run:execute(127): `conda run python -` failed. (See above for error)
